../Core/Inc/can.h:26:19:canInit	16	static
../Core/Inc/can.h:43:6:getCanData	16	static
../Core/Inc/can.h:48:6:setCanData	16	static
../Core/Inc/can.h:52:6:isCanUpdated	4	static
../Core/Inc/can.h:56:6:sendCanData	40	static
../Core/Inc/can.h:71:6:HAL_CAN_RxFifo0MsgPendingCallback	48	static
../Core/Src/main.c:86:6:isNoError	16	static
../Core/Src/main.c:90:6:errorReleaseRequest	24	static
../Core/Src/main.c:102:6:HAL_TIM_PeriodElapsedCallback	16	static
../Core/Src/main.c:121:6:batteryErrorCheck	24	static
../Core/Src/main.c:143:5:main	32	static
../Core/Src/main.c:299:6:SystemClock_Config	72	static
../Core/Src/main.c:336:13:MX_ADC1_Init	48	static
../Core/Src/main.c:411:13:MX_CAN_Init	8	static
../Core/Src/main.c:448:13:MX_TIM6_Init	24	static
../Core/Src/main.c:486:13:MX_TIM7_Init	24	static
../Core/Src/main.c:524:13:MX_USART2_UART_Init	8	static
../Core/Src/main.c:557:13:MX_DMA_Init	16	static
../Core/Src/main.c:575:13:MX_GPIO_Init	40	static
../Core/Src/main.c:617:5:_write	24	static
../Core/Src/main.c:628:6:Error_Handler	4	static,ignoring_inline_asm
