../Core/Inc/can.h:26:6:canInit	16	static
../Core/Inc/can.h:41:6:getCanData	16	static
../Core/Inc/can.h:46:6:setCanData	16	static
../Core/Inc/can.h:50:6:isCanUpdated	4	static
../Core/Inc/can.h:54:6:sendCanData	40	static
../Core/Inc/can.h:69:6:HAL_CAN_RxFifo0MsgPendingCallback	48	static
../Core/Src/main.c:86:6:isNoError	16	static
../Core/Src/main.c:94:6:HAL_TIM_PeriodElapsedCallback	16	static
../Core/Src/main.c:113:6:batteryErrorCheck	24	static
../Core/Src/main.c:129:5:main	32	static
../Core/Src/main.c:264:6:SystemClock_Config	72	static
../Core/Src/main.c:301:13:MX_ADC1_Init	48	static
../Core/Src/main.c:376:13:MX_CAN_Init	8	static
../Core/Src/main.c:413:13:MX_TIM6_Init	24	static
../Core/Src/main.c:451:13:MX_TIM7_Init	24	static
../Core/Src/main.c:489:13:MX_USART2_UART_Init	8	static
../Core/Src/main.c:522:13:MX_DMA_Init	16	static
../Core/Src/main.c:540:13:MX_GPIO_Init	40	static
../Core/Src/main.c:582:5:_write	24	static
../Core/Src/main.c:593:6:Error_Handler	4	static,ignoring_inline_asm
