../Core/Inc/spi.h:25:6:spiInit	16	static
../Core/Inc/spi.h:30:6:getSpiData	16	static
../Core/Inc/spi.h:34:6:setSpiData	16	static
../Core/Inc/spi.h:38:6:isSpiUpdated	4	static
../Core/Inc/spi.h:49:6:HAL_SPI_TxRxCpltCallback	16	static
../Core/Inc/spi.h:54:6:HAL_SPI_TxCpltCallback	32	static
../Core/Inc/can.h:27:6:canInit	16	static
../Core/Inc/can.h:45:6:getPowerCanData	16	static
../Core/Inc/can.h:49:6:setPowerCanData	16	static
../Core/Inc/can.h:53:6:isPowerUpdated	4	static
../Core/Inc/can.h:63:6:sendPowerCanData	40	static
../Core/Inc/can.h:78:6:HAL_CAN_RxFifo0MsgPendingCallback	56	static
../Core/Src/main.c:89:6:HAL_TIM_PeriodElapsedCallback	16	static
../Core/Src/main.c:123:5:main	96	static
../Core/Src/main.c:275:6:SystemClock_Config	96	static
../Core/Src/main.c:319:13:MX_CAN_Init	8	static
../Core/Src/main.c:356:13:MX_SPI1_Init	8	static
../Core/Src/main.c:395:13:MX_TIM1_Init	96	static
../Core/Src/main.c:469:13:MX_TIM2_Init	56	static
../Core/Src/main.c:518:13:MX_TIM3_Init	56	static
../Core/Src/main.c:567:13:MX_TIM6_Init	24	static
../Core/Src/main.c:605:13:MX_TIM7_Init	24	static
../Core/Src/main.c:643:13:MX_USART2_UART_Init	8	static
../Core/Src/main.c:676:13:MX_DMA_Init	16	static
../Core/Src/main.c:697:13:MX_GPIO_Init	40	static
../Core/Src/main.c:745:5:_write	24	static
../Core/Src/main.c:756:6:Error_Handler	4	static,ignoring_inline_asm
