../Core/Inc/spi.h:25:6:spiInit	16	static
../Core/Inc/spi.h:30:6:getSpiData	16	static
../Core/Inc/spi.h:35:6:setSpiData	16	static
../Core/Inc/spi.h:39:6:isSpiUpdated	4	static
../Core/Inc/spi.h:43:6:HAL_SPI_TxRxCpltCallback	16	static
../Core/Inc/can.h:26:6:canInit	16	static
../Core/Inc/can.h:44:6:getPowerCanData	16	static
../Core/Inc/can.h:49:6:setPowerCanData	16	static
../Core/Inc/can.h:53:6:isPowerUpdated	4	static
../Core/Inc/can.h:57:6:sendPowerCanData	40	static
../Core/Inc/can.h:72:6:HAL_CAN_RxFifo0MsgPendingCallback	56	static
../Core/Src/main.c:90:6:HAL_TIM_PeriodElapsedCallback	16	static
../Core/Src/main.c:124:5:main	136	static
../Core/Src/main.c:298:6:SystemClock_Config	96	static
../Core/Src/main.c:342:13:MX_CAN_Init	8	static
../Core/Src/main.c:379:13:MX_SPI1_Init	8	static
../Core/Src/main.c:418:13:MX_TIM1_Init	96	static
../Core/Src/main.c:492:13:MX_TIM2_Init	56	static
../Core/Src/main.c:541:13:MX_TIM3_Init	56	static
../Core/Src/main.c:590:13:MX_TIM6_Init	24	static
../Core/Src/main.c:628:13:MX_TIM7_Init	24	static
../Core/Src/main.c:666:13:MX_USART2_UART_Init	8	static
../Core/Src/main.c:699:13:MX_DMA_Init	16	static
../Core/Src/main.c:720:13:MX_GPIO_Init	40	static
../Core/Src/main.c:768:5:_write	24	static
../Core/Src/main.c:779:6:Error_Handler	4	static,ignoring_inline_asm
